// Jest Snapshot v1, https://goo.gl/fbAQLP

exports[`Render MoviePage 1`] = `
Array [
  <section
    className="movie-card movie-card--full"
    data-key={0}
  >
    <div
      className="movie-card__hero"
    >
      <div
        className="movie-card__bg"
      >
        <img
          alt="Aviator"
          src="img/aviator.jpg"
        />
      </div>
      <h1
        className="visually-hidden"
      >
        WTW
      </h1>
      <header
        className="page-header movie-card__head"
      >
        <div
          className="logo"
        >
          <a
            className="logo__link "
          >
            <span
              className="logo__letter logo__letter--1"
            >
              W
            </span>
            <span
              className="logo__letter logo__letter--2"
            >
              T
            </span>
            <span
              className="logo__letter logo__letter--3"
            >
              W
            </span>
          </a>
        </div>
        <div
          className="user-block"
        >
          <div
            className="user-block__avatar"
          >
            <img
              alt="User avatar"
              height="63"
              src="img/avatar.jpg"
              width="63"
            />
          </div>
        </div>
      </header>
      <div
        className="movie-card__wrap"
      >
        <div
          className="movie-card__desc"
        >
          <h2
            className="movie-card__title"
          >
            Aviator
          </h2>
          <p
            className="movie-card__meta"
          >
            <span
              className="movie-card__genre"
            >
              Drama
            </span>
            <span
              className="movie-card__year"
            >
              2004
            </span>
          </p>
          <div
            className="movie-card__buttons"
          >
            <button
              className="btn btn--play movie-card__button"
              type="button"
            >
              <svg
                height="19"
                viewBox="0 0 19 19"
                width="19"
              >
                <use
                  xlinkHref="/sprite.svg#play-s"
                />
              </svg>
              <span>
                Play
              </span>
            </button>
            <button
              className="btn btn--list movie-card__button"
              type="button"
            >
              <svg
                height="20"
                viewBox="0 0 19 20"
                width="19"
              >
                <use
                  xlinkHref="/sprite.svg#add"
                />
              </svg>
              <span>
                My list
              </span>
            </button>
            <a
              className="btn movie-card__button"
              href="add-review.html"
            >
              Add review
            </a>
          </div>
        </div>
      </div>
    </div>
    <div
      className="movie-card__wrap movie-card__translate-top"
    >
      <div
        className="movie-card__info"
      >
        <div
          className="movie-card__poster movie-card__poster--big"
        >
          <img
            alt="Aviator"
            height="327"
            src="img/aviator.jpg"
            width="218"
          />
        </div>
        <div
          className="movie-card__desc"
        >
          <div
            className="movie-rating"
          >
            <div
              className="movie-rating__score"
            >
              7,5
            </div>
            <p
              className="movie-rating__meta"
            >
              <span
                className="movie-rating__level"
              >
                Good
              </span>
              <span
                className="movie-rating__count"
              >
                121697
                 ratings
              </span>
            </p>
          </div>
          <div
            className="movie-card__text"
          >
            <p>
              Получив от отца небольшую фабрику, Говард Хьюз превратил ее в гигантское, фантастически прибыльное предприятие. Став владельцем огромной кинокомпании, он снял самый дорогой для своего времени фильм и покорил сердца прелестнейших голливудских актрис.
            </p>
            <p>
              Ему принадлежали самые престижные казино Лас-Вегаса и он установил рекорд скоростных полетов, приобрел вторую по величине коммерческую авиакомпанию…
            </p>
            <p>
              Деньги жгут сердце Хьюза, они не дают ему покоя, а душа его рвется ввысь. Только там, на высоте нескольких тысяч метров он счастлив по-настоящему. Только там, где все решает лишь мастерство пилота и Бог, ничто не ценится так дорого, как верность и честь.
            </p>
            <p
              className="movie-card__director"
            >
              <strong>
                Director: 
                Мартин Скорсезе
              </strong>
            </p>
            <p
              className="movie-card__starring"
            >
              <strong>
                Starring: 
                Леонардо ДиКаприо, Кейт Бланшетт, Мэтт Росс, Джон Си Райли
                 and others
              </strong>
            </p>
          </div>
        </div>
      </div>
    </div>
  </section>,
  <div
    className="page-content"
  >
    <section
      className="catalog catalog--like-this"
    >
      <h2
        className="catalog__title"
      >
        More like this
      </h2>
      <div
        className="catalog__movies-list"
      >
        <article
          className="small-movie-card catalog__movies-card"
          data-key={0}
        >
          <div
            className="small-movie-card__image"
            onMouseOut={[Function]}
            onMouseOver={[Function]}
          >
            <video
              height="175"
              poster="img/aviator.jpg"
              preload="metadata"
              width="280"
            />
          </div>
          <h3
            className="small-movie-card__title"
          >
            <a
              className="small-movie-card__link"
              href="movie-page.html"
              onClick={[Function]}
            >
              Aviator
            </a>
          </h3>
        </article>
        <article
          className="small-movie-card catalog__movies-card"
          data-key={1}
        >
          <div
            className="small-movie-card__image"
            onMouseOut={[Function]}
            onMouseOver={[Function]}
          >
            <video
              height="175"
              poster="img/bohemian-rhapsody.jpg"
              preload="metadata"
              width="280"
            />
          </div>
          <h3
            className="small-movie-card__title"
          >
            <a
              className="small-movie-card__link"
              href="movie-page.html"
              onClick={[Function]}
            >
              Bohemian rhapsody
            </a>
          </h3>
        </article>
      </div>
      
    </section>
    <footer
      className="page-footer"
    >
      <div
        className="logo"
      >
        <a
          className="logo__link logo__link--light"
        >
          <span
            className="logo__letter logo__letter--1"
          >
            W
          </span>
          <span
            className="logo__letter logo__letter--2"
          >
            T
          </span>
          <span
            className="logo__letter logo__letter--3"
          >
            W
          </span>
        </a>
      </div>
      <div
        className="copyright"
      >
        <p>
          © 2019 What to watch Ltd.
        </p>
      </div>
    </footer>
  </div>,
]
`;
